// Jest Snapshot v1, https://goo.gl/fbAQLP

exports[`App renders Header 1`] = `
<div>
  <div
    class="VictoryContainer"
    style="height: 100%; width: 100%; user-select: none; pointer-events: none; position: relative;"
  >
    <svg
      height="350"
      role="img"
      style="pointer-events: all; width: 100%; height: 100%;"
      viewBox="0 0 350 350"
      width="350"
    >
      <g
        clip-path="url(#victory-clip-2)"
        style="border: 1px solid #ccc; width: 100%; height: 100%;"
      >
        <defs>
          <clippath
            id="victory-clip-2"
          >
            <rect
              height="250"
              vector-effect="non-scaling-stroke"
              width="250"
              x="50"
              y="50"
            />
          </clippath>
        </defs>
        <path
          d="M50,300L112.5,250L175,150L237.5,200L300,50"
          role="presentation"
          shape-rendering="auto"
          style="fill: transparent; stroke: #4D089A; opacity: 1; stroke-width: 2;"
        />
      </g>
      <g
        role="presentation"
      >
        <line
          role="presentation"
          shape-rendering="auto"
          style="stroke: #90A4AE; fill: transparent; stroke-width: 2; stroke-linecap: round; stroke-linejoin: round;"
          vector-effect="non-scaling-stroke"
          x1="50"
          x2="300"
          y1="300"
          y2="300"
        />
        <g
          role="presentation"
        >
          <line
            role="presentation"
            shape-rendering="auto"
            style="stroke: #ECEFF1; fill: none; stroke-dasharray: 10, 5; stroke-linecap: round; stroke-linejoin: round; pointer-events: painted;"
            vector-effect="non-scaling-stroke"
            x1="50"
            x2="50"
            y1="300"
            y2="50"
          />
          <line
            role="presentation"
            shape-rendering="auto"
            style="stroke: #90A4AE; fill: transparent; size: 5px; stroke-width: 1; stroke-linecap: round; stroke-linejoin: round;"
            vector-effect="non-scaling-stroke"
            x1="50"
            x2="50"
            y1="300"
            y2="305"
          />
          <text
            direction="inherit"
            dx="0"
            id="chart-axis-1-tickLabels-0"
            x="50"
            y="323.26"
          >
            <tspan
              dx="0"
              dy="0"
              style="font-family: 'Helvetica Neue', 'Helvetica', sans-serif; font-size: 12px; letter-spacing: normal; padding: 8px; fill: #455A64; stroke: transparent; stroke-width: 0;"
              text-anchor="middle"
              x="50"
            >
              1.0
            </tspan>
          </text>
        </g>
        <g
          role="presentation"
        >
          <line
            role="presentation"
            shape-rendering="auto"
            style="stroke: #ECEFF1; fill: none; stroke-dasharray: 10, 5; stroke-linecap: round; stroke-linejoin: round; pointer-events: painted;"
            vector-effect="non-scaling-stroke"
            x1="112.5"
            x2="112.5"
            y1="300"
            y2="50"
          />
          <line
            role="presentation"
            shape-rendering="auto"
            style="stroke: #90A4AE; fill: transparent; size: 5px; stroke-width: 1; stroke-linecap: round; stroke-linejoin: round;"
            vector-effect="non-scaling-stroke"
            x1="112.5"
            x2="112.5"
            y1="300"
            y2="305"
          />
          <text
            direction="inherit"
            dx="0"
            id="chart-axis-1-tickLabels-1"
            x="112.5"
            y="323.26"
          >
            <tspan
              dx="0"
              dy="0"
              style="font-family: 'Helvetica Neue', 'Helvetica', sans-serif; font-size: 12px; letter-spacing: normal; padding: 8px; fill: #455A64; stroke: transparent; stroke-width: 0;"
              text-anchor="middle"
              x="112.5"
            >
              2.0
            </tspan>
          </text>
        </g>
        <g
          role="presentation"
        >
          <line
            role="presentation"
            shape-rendering="auto"
            style="stroke: #ECEFF1; fill: none; stroke-dasharray: 10, 5; stroke-linecap: round; stroke-linejoin: round; pointer-events: painted;"
            vector-effect="non-scaling-stroke"
            x1="175"
            x2="175"
            y1="300"
            y2="50"
          />
          <line
            role="presentation"
            shape-rendering="auto"
            style="stroke: #90A4AE; fill: transparent; size: 5px; stroke-width: 1; stroke-linecap: round; stroke-linejoin: round;"
            vector-effect="non-scaling-stroke"
            x1="175"
            x2="175"
            y1="300"
            y2="305"
          />
          <text
            direction="inherit"
            dx="0"
            id="chart-axis-1-tickLabels-2"
            x="175"
            y="323.26"
          >
            <tspan
              dx="0"
              dy="0"
              style="font-family: 'Helvetica Neue', 'Helvetica', sans-serif; font-size: 12px; letter-spacing: normal; padding: 8px; fill: #455A64; stroke: transparent; stroke-width: 0;"
              text-anchor="middle"
              x="175"
            >
              3.0
            </tspan>
          </text>
        </g>
        <g
          role="presentation"
        >
          <line
            role="presentation"
            shape-rendering="auto"
            style="stroke: #ECEFF1; fill: none; stroke-dasharray: 10, 5; stroke-linecap: round; stroke-linejoin: round; pointer-events: painted;"
            vector-effect="non-scaling-stroke"
            x1="237.5"
            x2="237.5"
            y1="300"
            y2="50"
          />
          <line
            role="presentation"
            shape-rendering="auto"
            style="stroke: #90A4AE; fill: transparent; size: 5px; stroke-width: 1; stroke-linecap: round; stroke-linejoin: round;"
            vector-effect="non-scaling-stroke"
            x1="237.5"
            x2="237.5"
            y1="300"
            y2="305"
          />
          <text
            direction="inherit"
            dx="0"
            id="chart-axis-1-tickLabels-3"
            x="237.5"
            y="323.26"
          >
            <tspan
              dx="0"
              dy="0"
              style="font-family: 'Helvetica Neue', 'Helvetica', sans-serif; font-size: 12px; letter-spacing: normal; padding: 8px; fill: #455A64; stroke: transparent; stroke-width: 0;"
              text-anchor="middle"
              x="237.5"
            >
              4.0
            </tspan>
          </text>
        </g>
        <g
          role="presentation"
        >
          <line
            role="presentation"
            shape-rendering="auto"
            style="stroke: #ECEFF1; fill: none; stroke-dasharray: 10, 5; stroke-linecap: round; stroke-linejoin: round; pointer-events: painted;"
            vector-effect="non-scaling-stroke"
            x1="300"
            x2="300"
            y1="300"
            y2="50"
          />
          <line
            role="presentation"
            shape-rendering="auto"
            style="stroke: #90A4AE; fill: transparent; size: 5px; stroke-width: 1; stroke-linecap: round; stroke-linejoin: round;"
            vector-effect="non-scaling-stroke"
            x1="300"
            x2="300"
            y1="300"
            y2="305"
          />
          <text
            direction="inherit"
            dx="0"
            id="chart-axis-1-tickLabels-4"
            x="300"
            y="323.26"
          >
            <tspan
              dx="0"
              dy="0"
              style="font-family: 'Helvetica Neue', 'Helvetica', sans-serif; font-size: 12px; letter-spacing: normal; padding: 8px; fill: #455A64; stroke: transparent; stroke-width: 0;"
              text-anchor="middle"
              x="300"
            >
              5.0
            </tspan>
          </text>
        </g>
      </g>
      <g
        role="presentation"
      >
        <line
          role="presentation"
          shape-rendering="auto"
          style="stroke: #90A4AE; fill: transparent; stroke-width: 2; stroke-linecap: round; stroke-linejoin: round;"
          vector-effect="non-scaling-stroke"
          x1="50"
          x2="50"
          y1="50"
          y2="300"
        />
        <g
          role="presentation"
        >
          <line
            role="presentation"
            shape-rendering="auto"
            style="stroke: #ECEFF1; fill: none; stroke-dasharray: 10, 5; stroke-linecap: round; stroke-linejoin: round; pointer-events: painted;"
            vector-effect="non-scaling-stroke"
            x1="50"
            x2="300"
            y1="300"
            y2="300"
          />
          <line
            role="presentation"
            shape-rendering="auto"
            style="stroke: #90A4AE; fill: transparent; size: 5px; stroke-width: 1; stroke-linecap: round; stroke-linejoin: round;"
            vector-effect="non-scaling-stroke"
            x1="50"
            x2="45"
            y1="300"
            y2="300"
          />
          <text
            direction="inherit"
            dx="0"
            id="chart-axis-2-tickLabels-0"
            x="37"
            y="304.26"
          >
            <tspan
              dx="0"
              dy="0"
              style="font-family: 'Helvetica Neue', 'Helvetica', sans-serif; font-size: 12px; letter-spacing: normal; padding: 8px; fill: #455A64; stroke: transparent; stroke-width: 0;"
              text-anchor="end"
              x="37"
            >
              2.0
            </tspan>
          </text>
        </g>
        <g
          role="presentation"
        >
          <line
            role="presentation"
            shape-rendering="auto"
            style="stroke: #ECEFF1; fill: none; stroke-dasharray: 10, 5; stroke-linecap: round; stroke-linejoin: round; pointer-events: painted;"
            vector-effect="non-scaling-stroke"
            x1="50"
            x2="300"
            y1="250"
            y2="250"
          />
          <line
            role="presentation"
            shape-rendering="auto"
            style="stroke: #90A4AE; fill: transparent; size: 5px; stroke-width: 1; stroke-linecap: round; stroke-linejoin: round;"
            vector-effect="non-scaling-stroke"
            x1="50"
            x2="45"
            y1="250"
            y2="250"
          />
          <text
            direction="inherit"
            dx="0"
            id="chart-axis-2-tickLabels-1"
            x="37"
            y="254.26"
          >
            <tspan
              dx="0"
              dy="0"
              style="font-family: 'Helvetica Neue', 'Helvetica', sans-serif; font-size: 12px; letter-spacing: normal; padding: 8px; fill: #455A64; stroke: transparent; stroke-width: 0;"
              text-anchor="end"
              x="37"
            >
              3.0
            </tspan>
          </text>
        </g>
        <g
          role="presentation"
        >
          <line
            role="presentation"
            shape-rendering="auto"
            style="stroke: #ECEFF1; fill: none; stroke-dasharray: 10, 5; stroke-linecap: round; stroke-linejoin: round; pointer-events: painted;"
            vector-effect="non-scaling-stroke"
            x1="50"
            x2="300"
            y1="200"
            y2="200"
          />
          <line
            role="presentation"
            shape-rendering="auto"
            style="stroke: #90A4AE; fill: transparent; size: 5px; stroke-width: 1; stroke-linecap: round; stroke-linejoin: round;"
            vector-effect="non-scaling-stroke"
            x1="50"
            x2="45"
            y1="200"
            y2="200"
          />
          <text
            direction="inherit"
            dx="0"
            id="chart-axis-2-tickLabels-2"
            x="37"
            y="204.26"
          >
            <tspan
              dx="0"
              dy="0"
              style="font-family: 'Helvetica Neue', 'Helvetica', sans-serif; font-size: 12px; letter-spacing: normal; padding: 8px; fill: #455A64; stroke: transparent; stroke-width: 0;"
              text-anchor="end"
              x="37"
            >
              4.0
            </tspan>
          </text>
        </g>
        <g
          role="presentation"
        >
          <line
            role="presentation"
            shape-rendering="auto"
            style="stroke: #ECEFF1; fill: none; stroke-dasharray: 10, 5; stroke-linecap: round; stroke-linejoin: round; pointer-events: painted;"
            vector-effect="non-scaling-stroke"
            x1="50"
            x2="300"
            y1="150"
            y2="150"
          />
          <line
            role="presentation"
            shape-rendering="auto"
            style="stroke: #90A4AE; fill: transparent; size: 5px; stroke-width: 1; stroke-linecap: round; stroke-linejoin: round;"
            vector-effect="non-scaling-stroke"
            x1="50"
            x2="45"
            y1="150"
            y2="150"
          />
          <text
            direction="inherit"
            dx="0"
            id="chart-axis-2-tickLabels-3"
            x="37"
            y="154.26"
          >
            <tspan
              dx="0"
              dy="0"
              style="font-family: 'Helvetica Neue', 'Helvetica', sans-serif; font-size: 12px; letter-spacing: normal; padding: 8px; fill: #455A64; stroke: transparent; stroke-width: 0;"
              text-anchor="end"
              x="37"
            >
              5.0
            </tspan>
          </text>
        </g>
        <g
          role="presentation"
        >
          <line
            role="presentation"
            shape-rendering="auto"
            style="stroke: #ECEFF1; fill: none; stroke-dasharray: 10, 5; stroke-linecap: round; stroke-linejoin: round; pointer-events: painted;"
            vector-effect="non-scaling-stroke"
            x1="50"
            x2="300"
            y1="99.99999999999999"
            y2="99.99999999999999"
          />
          <line
            role="presentation"
            shape-rendering="auto"
            style="stroke: #90A4AE; fill: transparent; size: 5px; stroke-width: 1; stroke-linecap: round; stroke-linejoin: round;"
            vector-effect="non-scaling-stroke"
            x1="50"
            x2="45"
            y1="99.99999999999999"
            y2="99.99999999999999"
          />
          <text
            direction="inherit"
            dx="0"
            id="chart-axis-2-tickLabels-4"
            x="37"
            y="104.25999999999999"
          >
            <tspan
              dx="0"
              dy="0"
              style="font-family: 'Helvetica Neue', 'Helvetica', sans-serif; font-size: 12px; letter-spacing: normal; padding: 8px; fill: #455A64; stroke: transparent; stroke-width: 0;"
              text-anchor="end"
              x="37"
            >
              6.0
            </tspan>
          </text>
        </g>
        <g
          role="presentation"
        >
          <line
            role="presentation"
            shape-rendering="auto"
            style="stroke: #ECEFF1; fill: none; stroke-dasharray: 10, 5; stroke-linecap: round; stroke-linejoin: round; pointer-events: painted;"
            vector-effect="non-scaling-stroke"
            x1="50"
            x2="300"
            y1="50"
            y2="50"
          />
          <line
            role="presentation"
            shape-rendering="auto"
            style="stroke: #90A4AE; fill: transparent; size: 5px; stroke-width: 1; stroke-linecap: round; stroke-linejoin: round;"
            vector-effect="non-scaling-stroke"
            x1="50"
            x2="45"
            y1="50"
            y2="50"
          />
          <text
            direction="inherit"
            dx="0"
            id="chart-axis-2-tickLabels-5"
            x="37"
            y="54.26"
          >
            <tspan
              dx="0"
              dy="0"
              style="font-family: 'Helvetica Neue', 'Helvetica', sans-serif; font-size: 12px; letter-spacing: normal; padding: 8px; fill: #455A64; stroke: transparent; stroke-width: 0;"
              text-anchor="end"
              x="37"
            >
              7.0
            </tspan>
          </text>
        </g>
      </g>
    </svg>
    <div
      style="z-index: 99; position: absolute; top: 0px; left: 0px; width: 100%; height: 100%;"
    >
      <svg
        height="350"
        style="overflow: visible; width: 100%; height: 100%;"
        viewBox="0 0 350 350"
        width="350"
      />
    </div>
  </div>
</div>
`;
