// Jest Snapshot v1, https://goo.gl/fbAQLP

exports[`App renders BarChart 1`] = `
<div>
  <div
    class="VictoryContainer"
    style="height: 100%; width: 100%; user-select: none; pointer-events: none; position: relative;"
  >
    <svg
      height="300"
      role="img"
      style="pointer-events: all; width: 100%; height: 100%;"
      viewBox="0 0 450 300"
      width="450"
    >
      <g
        role="presentation"
      >
        <line
          role="presentation"
          shape-rendering="auto"
          style="stroke: white; fill: transparent; stroke-width: 1; stroke-linecap: round; stroke-linejoin: round;"
          vector-effect="non-scaling-stroke"
          x1="50"
          x2="400"
          y1="250"
          y2="250"
        />
        <g
          role="presentation"
        >
          <line
            role="presentation"
            shape-rendering="auto"
            style="stroke: white; fill: transparent; size: 1px;"
            vector-effect="non-scaling-stroke"
            x1="50"
            x2="50"
            y1="250"
            y2="251"
          />
          <text
            direction="inherit"
            dx="0"
            id="chart-axis-0-tickLabels-0"
            x="50"
            y="269.55"
          >
            <tspan
              dx="0"
              dy="0"
              style="stroke: white; font-size: 10px; font-family: Major Mono Display; letter-spacing: normal; padding: 10px; fill: #252525;"
              text-anchor="middle"
              x="50"
            >
              01 AM
            </tspan>
          </text>
        </g>
        <g
          role="presentation"
        >
          <line
            role="presentation"
            shape-rendering="auto"
            style="stroke: white; fill: transparent; size: 1px;"
            vector-effect="non-scaling-stroke"
            x1="400"
            x2="400"
            y1="250"
            y2="251"
          />
          <text
            direction="inherit"
            dx="0"
            id="chart-axis-0-tickLabels-1"
            x="400"
            y="269.55"
          >
            <tspan
              dx="0"
              dy="0"
              style="stroke: white; font-size: 10px; font-family: Major Mono Display; letter-spacing: normal; padding: 10px; fill: #252525;"
              text-anchor="middle"
              x="400"
            >
              .001
            </tspan>
          </text>
        </g>
      </g>
      <g
        role="presentation"
      >
        <line
          role="presentation"
          shape-rendering="auto"
          style="stroke: white; fill: transparent; stroke-width: 1; stroke-linecap: round; stroke-linejoin: round;"
          vector-effect="non-scaling-stroke"
          x1="50"
          x2="50"
          y1="50"
          y2="250"
        />
        <g
          role="presentation"
        >
          <line
            role="presentation"
            shape-rendering="auto"
            style="stroke: white; fill: transparent; size: 1px;"
            vector-effect="non-scaling-stroke"
            x1="50"
            x2="49"
            y1="213.963963963964"
            y2="213.963963963964"
          />
          <text
            direction="inherit"
            dx="0"
            id="chart-axis-1-tickLabels-0"
            x="39"
            y="217.51396396396402"
          >
            <tspan
              dx="0"
              dy="0"
              style="stroke: white; font-size: 10px; font-family: Major Mono Display; letter-spacing: normal; padding: 10px; fill: #252525;"
              text-anchor="end"
              x="39"
            >
              0.2
            </tspan>
          </text>
        </g>
        <g
          role="presentation"
        >
          <line
            role="presentation"
            shape-rendering="auto"
            style="stroke: white; fill: transparent; size: 1px;"
            vector-effect="non-scaling-stroke"
            x1="50"
            x2="49"
            y1="177.92792792792793"
            y2="177.92792792792793"
          />
          <text
            direction="inherit"
            dx="0"
            id="chart-axis-1-tickLabels-1"
            x="39"
            y="181.47792792792794"
          >
            <tspan
              dx="0"
              dy="0"
              style="stroke: white; font-size: 10px; font-family: Major Mono Display; letter-spacing: normal; padding: 10px; fill: #252525;"
              text-anchor="end"
              x="39"
            >
              0.4
            </tspan>
          </text>
        </g>
        <g
          role="presentation"
        >
          <line
            role="presentation"
            shape-rendering="auto"
            style="stroke: white; fill: transparent; size: 1px;"
            vector-effect="non-scaling-stroke"
            x1="50"
            x2="49"
            y1="141.8918918918919"
            y2="141.8918918918919"
          />
          <text
            direction="inherit"
            dx="0"
            id="chart-axis-1-tickLabels-2"
            x="39"
            y="145.4418918918919"
          >
            <tspan
              dx="0"
              dy="0"
              style="stroke: white; font-size: 10px; font-family: Major Mono Display; letter-spacing: normal; padding: 10px; fill: #252525;"
              text-anchor="end"
              x="39"
            >
              0.6
            </tspan>
          </text>
        </g>
        <g
          role="presentation"
        >
          <line
            role="presentation"
            shape-rendering="auto"
            style="stroke: white; fill: transparent; size: 1px;"
            vector-effect="non-scaling-stroke"
            x1="50"
            x2="49"
            y1="105.85585585585586"
            y2="105.85585585585586"
          />
          <text
            direction="inherit"
            dx="0"
            id="chart-axis-1-tickLabels-3"
            x="39"
            y="109.40585585585586"
          >
            <tspan
              dx="0"
              dy="0"
              style="stroke: white; font-size: 10px; font-family: Major Mono Display; letter-spacing: normal; padding: 10px; fill: #252525;"
              text-anchor="end"
              x="39"
            >
              0.8
            </tspan>
          </text>
        </g>
        <g
          role="presentation"
        >
          <line
            role="presentation"
            shape-rendering="auto"
            style="stroke: white; fill: transparent; size: 1px;"
            vector-effect="non-scaling-stroke"
            x1="50"
            x2="49"
            y1="69.81981981981984"
            y2="69.81981981981984"
          />
          <text
            direction="inherit"
            dx="0"
            id="chart-axis-1-tickLabels-4"
            x="39"
            y="73.36981981981984"
          >
            <tspan
              dx="0"
              dy="0"
              style="stroke: white; font-size: 10px; font-family: Major Mono Display; letter-spacing: normal; padding: 10px; fill: #252525;"
              text-anchor="end"
              x="39"
            >
              1.0
            </tspan>
          </text>
        </g>
      </g>
      <g />
    </svg>
    <div
      style="z-index: 99; position: absolute; top: 0px; left: 0px; width: 100%; height: 100%;"
    >
      <svg
        height="300"
        style="overflow: visible; width: 100%; height: 100%;"
        viewBox="0 0 450 300"
        width="450"
      />
    </div>
  </div>
</div>
`;
